// Jest Snapshot v1, https://goo.gl/fbAQLP

exports[`Recipes renders properly 1`] = `
<DocumentFragment>
  <div>
    <div
      class="flex"
    >
      <h1
        class="mb-4 text-xl md:text-2xl"
      >
        Recipes
      </h1>
      <div>
        RandomRecipeButton
      </div>
      <div>
        AddRecipeButton
      </div>
    </div>
    <div
      class="mt-4 flex items-center justify-between gap-2 md:mt-8 max-w-3xl "
    >
      <div>
        SearchBar
      </div>
      <div>
        SearchButton
      </div>
    </div>
    <div
      class="flex"
    >
      <div
        class="mt-6 grid grid-cols-1 gap-6 md:grid-cols-2 lg:grid-cols-3"
      >
        <div>
          Recipe
        </div>
      </div>
      <div
        class="lg:ml-10 md:ml-6 sm:ml-3"
      >
        <div>
          SearchByTags
        </div>
      </div>
    </div>
  </div>
</DocumentFragment>
`;
