// Jest Snapshot v1, https://goo.gl/fbAQLP

exports[`Shopping List page renders correctly 1`] = `
<DocumentFragment>
  <div
    class="flex flex-col"
  >
    <h1
      class="mb-4 text-xl md:text-2xl"
    >
      Shopping list
    </h1>
    <div
      class="mt-4 flex flex-row items-baseline justify-items-center gap-2 md:mt-8 max-w-3xl"
    >
      <div
        class="relative flex flex-col"
      >
        <div
          class="flex flex-col flex-1 flex-shrink-0"
        >
          <label
            class="sr-only"
            for="search"
          >
            Search
          </label>
          <input
            autocomplete="off"
            class="peer block w-full border border-gray-200 py-[9px] pl-3 text-sm outline-2 placeholder:text-gray-500 rounded-md"
            id="search"
            placeholder="Search for grocery items..."
            value=""
          />
        </div>
      </div>
      <div
        class="flex flex-row"
      >
        <input
          class="rounded-l-md border border-gray-200 py-[9px] pl-3 text-sm outline-2"
          min="0.5"
          placeholder="1.5"
          step="0.5"
          type="number"
          value="1"
        />
        <select
          class="rounded-r-md border border-gray-200 bg-gray-50 py-[9px] text-sm outline-2"
          data-testid="measure"
          id="measure"
          name="measure"
        >
          <option
            value="stk"
          >
            stk.
          </option>
          <option
            value="liter"
          >
            L
          </option>
          <option
            value="desiliter"
          >
            dL
          </option>
          <option
            value="milliliter"
          >
            mL
          </option>
          <option
            value="kilogram"
          >
            kg
          </option>
          <option
            value="gram"
          >
            g
          </option>
          <option
            value="teskje"
          >
            ts
          </option>
          <option
            value="spiseskje"
          >
            ss
          </option>
          <option
            value="kopp"
          >
            kopp
          </option>
        </select>
      </div>
      <button
        class="rounded-md border border-gray-200 bg-gray-50 p-2 text-sm outline-2 text-center"
        data-testid="add-to-shopping-list-button"
      >
        Add to shopping list
      </button>
    </div>
    <table
      class="min-w-full divide-y rounded-md divide-gray-200 mt-4"
    >
      <thead
        class="bg-gray-50"
      >
        <tr>
          <th
            class="px-6 py-3 text-left text-xs font-medium text-gray-500 uppercase tracking-wider"
          >
            Groceries
          </th>
          <th
            class="px-6 py-3 text-left text-xs font-medium text-gray-500 uppercase tracking-wider"
          >
            Amount
          </th>
          <th
            class="px-6 py-3 text-left text-xs font-medium text-gray-500 uppercase tracking-wider"
          >
            Bought?
          </th>
          <th
            class="px-6 py-3 text-left text-xs font-medium text-gray-500 uppercase tracking-wider"
          >
            Remove?
          </th>
        </tr>
      </thead>
      <tbody
        class="bg-white divide-y divide-gray-200"
      />
    </table>
  </div>
</DocumentFragment>
`;
